// Jest Snapshot v1, https://goo.gl/fbAQLP

exports[`Componentes do Design System deve renderizar PrimaryButton corretamente 1`] = `null`;

exports[`Componentes do Design System deve renderizar ScreenTitle corretamente 1`] = `null`;

exports[`Componentes do Design System deve renderizar StyledCard corretamente 1`] = `null`;
